******************************************************************************
                  TI ARM Linker PC v15.12.3                    
******************************************************************************
>> Linked Sat Nov 26 13:16:47 2016

OUTPUT FILE NAME:   <lab5.out>
ENTRY POINT SYMBOL: "_c_int00"  address: 0000062d


MEMORY CONFIGURATION

         name            origin    length      used     unused   attr    fill
----------------------  --------  ---------  --------  --------  ----  --------
  FLASH                 00000000   00040000  000007c8  0003f838  R  X
  SRAM                  20000000   00008000  0000007c  00007f84  RW X


SEGMENT ALLOCATION MAP

run origin  load origin   length   init length attrs members
----------  ----------- ---------- ----------- ----- -------
00000000    00000000    000007c8   000007c8    r-x
  00000000    00000000    0000026c   0000026c    r-- .intvecs
  0000026c    0000026c    00000534   00000534    r-x .text
  000007a0    000007a0    00000028   00000028    r-- .cinit
20000000    20000000    0000007c   00000000    rw-
  20000000    20000000    00000064   00000000    rw- .stack
  20000064    20000064    00000018   00000000    rw- .data


SECTION ALLOCATION MAP

 output                                  attributes/
section   page    origin      length       input sections
--------  ----  ----------  ----------   ----------------
.intvecs   0    00000000    0000026c     
                  00000000    0000026c     tm4c123gh6pm_startup_ccs.obj (.intvecs)

.text      0    0000026c    00000534     
                  0000026c    00000174     main.obj (.text)
                  000003e0    0000009c     rtsv7M4_T_le_v4SPD16_eabi.lib : memcpy_t2.obj (.text)
                  0000047c    0000007a                                   : memset_t2.obj (.text)
                  000004f6    00000002                                   : mpu_init.obj (.text)
                  000004f8    00000070                                   : autoinit.obj (.text)
                  00000568    0000006a                                   : copy_decompress_rle.obj (.text)
                  000005d2    00000002                                   : startup.obj (.text)
                  000005d4    00000058     driverlib.lib : adc.obj (.text:ADCSequenceConfigure)
                  0000062c    00000054     rtsv7M4_T_le_v4SPD16_eabi.lib : boot.obj (.text)
                  00000680    00000054                                   : exit.obj (.text)
                  000006d4    0000004c                                   : cpy_tbl.obj (.text)
                  00000720    0000002e     driverlib.lib : adc.obj (.text:ADCIntStatus)
                  0000074e    00000002     --HOLE-- [fill = 0]
                  00000750    00000018     rtsv7M4_T_le_v4SPD16_eabi.lib : args_main.obj (.text)
                  00000768    00000014                                   : _lock.obj (.text)
                  0000077c    0000000e                                   : copy_decompress_none.obj (.text:decompress:none)
                  0000078a    0000000c     tm4c123gh6pm_startup_ccs.obj (.text)
                  00000796    00000006     rtsv7M4_T_le_v4SPD16_eabi.lib : copy_decompress_rle.obj (.text:decompress:rle24)
                  0000079c    00000004                                   : pre_init.obj (.text)

.cinit     0    000007a0    00000028     
                  000007a0    00000016     (.cinit..data.load) [load image, compression = rle]
                  000007b6    00000002     --HOLE-- [fill = 0]
                  000007b8    00000008     (__TI_handler_table)
                  000007c0    00000008     (__TI_cinit_table)

.init_array 
*          0    00000000    00000000     UNINITIALIZED

.stack     0    20000000    00000064     UNINITIALIZED
                  20000000    00000064     --HOLE--

.data      0    20000064    00000018     UNINITIALIZED
                  20000064    0000000c     rtsv7M4_T_le_v4SPD16_eabi.lib : exit.obj (.data:$O1$$)
                  20000070    00000008                                   : _lock.obj (.data:$O1$$)
                  20000078    00000004                                   : stkdepth_vars.obj (.data)

MODULE SUMMARY

       Module                         code   ro data   rw data
       ------                         ----   -------   -------
    .\
       tm4c123gh6pm_startup_ccs.obj   12     620       0      
       main.obj                       372    0         0      
    +--+------------------------------+------+---------+---------+
       Total:                         384    620       0      
                                                              
    C:/ti/TivaWare_C_Series-2.1.3.156/driverlib/ccs/Debug/driverlib.lib
       adc.obj                        134    0         0      
    +--+------------------------------+------+---------+---------+
       Total:                         134    0         0      
                                                              
    C:\ti\ccsv6\tools\compiler\arm_15.12.3.LTS\lib\rtsv7M4_T_le_v4SPD16_eabi.lib
       memcpy_t2.obj                  156    0         0      
       memset_t2.obj                  122    0         0      
       autoinit.obj                   112    0         0      
       copy_decompress_rle.obj        112    0         0      
       exit.obj                       84     0         12     
       boot.obj                       84     0         0      
       cpy_tbl.obj                    76     0         0      
       _lock.obj                      20     0         8      
       args_main.obj                  24     0         0      
       copy_decompress_none.obj       14     0         0      
       pre_init.obj                   4      0         0      
       stkdepth_vars.obj              0      0         4      
       mpu_init.obj                   2      0         0      
       startup.obj                    2      0         0      
    +--+------------------------------+------+---------+---------+
       Total:                         812    0         24     
                                                              
       Stack:                         0      0         100    
       Linker Generated:              0      38        0      
    +--+------------------------------+------+---------+---------+
       Grand Total:                   1330   658       124    


LINKER GENERATED COPY TABLES

__TI_cinit_table @ 000007c0 records: 1, size/record: 8, table size: 8
	.data: load addr=000007a0, load size=00000016 bytes, run addr=20000064, run size=00000018 bytes, compression=rle


LINKER GENERATED HANDLER TABLE

__TI_handler_table @ 000007b8 records: 2, size/record: 4, table size: 8
	index: 0, handler: __TI_decompress_rle24
	index: 1, handler: __TI_decompress_none


GLOBAL SYMBOLS: SORTED ALPHABETICALLY BY Name 

address   name                           
-------   ----                           
00000721  ADCIntStatus                   
000005d5  ADCSequenceConfigure           
00000681  C$$EXIT                        
0000078b  ResetISR                       
UNDEFED   SHT$$INIT_ARRAY$$Base          
UNDEFED   SHT$$INIT_ARRAY$$Limit         
20000064  __STACK_END                    
00000064  __STACK_SIZE                   
20000200  __STACK_TOP                    
000007c0  __TI_CINIT_Base                
000007c8  __TI_CINIT_Limit               
000007b8  __TI_Handler_Table_Base        
000007c0  __TI_Handler_Table_Limit       
000004f9  __TI_auto_init                 
20000064  __TI_cleanup_ptr               
0000077d  __TI_decompress_none           
00000797  __TI_decompress_rle24          
20000068  __TI_dtors_ptr                 
2000006c  __TI_enable_exit_profile_output
ffffffff  __TI_pprof_out_hndl            
ffffffff  __TI_prof_data_size            
ffffffff  __TI_prof_data_start           
00000000  __TI_static_base__             
0000047d  __aeabi_memclr                 
0000047d  __aeabi_memclr4                
0000047d  __aeabi_memclr8                
000003e1  __aeabi_memcpy                 
000003e1  __aeabi_memcpy4                
000003e1  __aeabi_memcpy8                
0000047f  __aeabi_memset                 
0000047f  __aeabi_memset4                
0000047f  __aeabi_memset8                
ffffffff  __binit__                      
ffffffff  __c_args__                     
000004f7  __mpu_init                     
20000000  __stack                        
00000751  _args_main                     
0000062d  _c_int00                       
20000070  _lock                          
00000777  _nop                           
0000076f  _register_lock                 
00000769  _register_unlock               
000005d3  _system_post_cinit             
0000079d  _system_pre_init               
20000074  _unlock                        
00000685  abort                          
ffffffff  binit                          
000006d5  copy_in                        
0000068d  exit                           
00000000  g_pfnVectors                   
00000279  main                           
20000078  main_func_sp                   
000003e1  memcpy                         
00000485  memset                         
0000026d  void__error__                  


GLOBAL SYMBOLS: SORTED BY Symbol Address 

address   name                           
-------   ----                           
00000000  __TI_static_base__             
00000000  g_pfnVectors                   
00000064  __STACK_SIZE                   
0000026d  void__error__                  
00000279  main                           
000003e1  __aeabi_memcpy                 
000003e1  __aeabi_memcpy4                
000003e1  __aeabi_memcpy8                
000003e1  memcpy                         
0000047d  __aeabi_memclr                 
0000047d  __aeabi_memclr4                
0000047d  __aeabi_memclr8                
0000047f  __aeabi_memset                 
0000047f  __aeabi_memset4                
0000047f  __aeabi_memset8                
00000485  memset                         
000004f7  __mpu_init                     
000004f9  __TI_auto_init                 
000005d3  _system_post_cinit             
000005d5  ADCSequenceConfigure           
0000062d  _c_int00                       
00000681  C$$EXIT                        
00000685  abort                          
0000068d  exit                           
000006d5  copy_in                        
00000721  ADCIntStatus                   
00000751  _args_main                     
00000769  _register_unlock               
0000076f  _register_lock                 
00000777  _nop                           
0000077d  __TI_decompress_none           
0000078b  ResetISR                       
00000797  __TI_decompress_rle24          
0000079d  _system_pre_init               
000007b8  __TI_Handler_Table_Base        
000007c0  __TI_CINIT_Base                
000007c0  __TI_Handler_Table_Limit       
000007c8  __TI_CINIT_Limit               
20000000  __stack                        
20000064  __STACK_END                    
20000064  __TI_cleanup_ptr               
20000068  __TI_dtors_ptr                 
2000006c  __TI_enable_exit_profile_output
20000070  _lock                          
20000074  _unlock                        
20000078  main_func_sp                   
20000200  __STACK_TOP                    
ffffffff  __TI_pprof_out_hndl            
ffffffff  __TI_prof_data_size            
ffffffff  __TI_prof_data_start           
ffffffff  __binit__                      
ffffffff  __c_args__                     
ffffffff  binit                          
UNDEFED   SHT$$INIT_ARRAY$$Base          
UNDEFED   SHT$$INIT_ARRAY$$Limit         

[55 symbols]
