******************************************************************************
                  TI ARM Linker PC v15.12.3                    
******************************************************************************
>> Linked Wed Nov 23 16:56:01 2016

OUTPUT FILE NAME:   <lab6.out>
ENTRY POINT SYMBOL: "_c_int00"  address: 00000855


MEMORY CONFIGURATION

         name            origin    length      used     unused   attr    fill
----------------------  --------  ---------  --------  --------  ----  --------
  FLASH                 00000000   00040000  00000b00  0003f500  R  X
  SRAM                  20000000   00008000  0000007c  00007f84  RW X


SEGMENT ALLOCATION MAP

run origin  load origin   length   init length attrs members
----------  ----------- ---------- ----------- ----- -------
00000000    00000000    00000b00   00000b00    r-x
  00000000    00000000    0000026c   0000026c    r-- .intvecs
  0000026c    0000026c    00000800   00000800    r-x .text
  00000a6c    00000a6c    0000006c   0000006c    r-- .const
  00000ad8    00000ad8    00000028   00000028    r-- .cinit
20000000    20000000    0000007c   00000000    rw-
  20000000    20000000    00000064   00000000    rw- .stack
  20000064    20000064    00000018   00000000    rw- .data


SECTION ALLOCATION MAP

 output                                  attributes/
section   page    origin      length       input sections
--------  ----  ----------  ----------   ----------------
.intvecs   0    00000000    0000026c     
                  00000000    0000026c     tm4c123gh6pm_startup_ccs.obj (.intvecs)

.text      0    0000026c    00000800     
                  0000026c    00000132     driverlib.lib : gpio.obj (.text:GPIOPadConfigSet)
                  0000039e    00000002     rtsv7M4_T_le_v4SPD16_eabi.lib : mpu_init.obj (.text)
                  000003a0    00000110     driverlib.lib : sysctl.obj (.text:SysCtlClockGet)
                  000004b0    000000f4                   : sysctl.obj (.text:SysCtlClockSet)
                  000005a4    0000009c     rtsv7M4_T_le_v4SPD16_eabi.lib : memcpy_t2.obj (.text)
                  00000640    0000007a                                   : memset_t2.obj (.text)
                  000006ba    00000002                                   : startup.obj (.text)
                  000006bc    00000070                                   : autoinit.obj (.text)
                  0000072c    0000006a                                   : copy_decompress_rle.obj (.text)
                  00000796    00000002     --HOLE-- [fill = 0]
                  00000798    00000064     driverlib.lib : hibernate.obj (.text:HibernateWakeSet)
                  000007fc    00000058     main.obj (.text)
                  00000854    00000054     rtsv7M4_T_le_v4SPD16_eabi.lib : boot.obj (.text)
                  000008a8    00000054                                   : exit.obj (.text)
                  000008fc    0000004c                                   : cpy_tbl.obj (.text)
                  00000948    00000034     driverlib.lib : sysctl.obj (.text:SysCtlPeripheralEnable)
                  0000097c    0000002a                   : gpio.obj (.text:GPIODirModeSet)
                  000009a6    00000018                   : gpio.obj (.text:GPIOPinTypeGPIOOutput)
                  000009be    00000002     --HOLE-- [fill = 0]
                  000009c0    00000018                   : hibernate.obj (.text:HibernateGPIORetentionEnable)
                  000009d8    00000018     rtsv7M4_T_le_v4SPD16_eabi.lib : args_main.obj (.text)
                  000009f0    00000014     driverlib.lib : hibernate.obj (.text:HibernateEnableExpClk)
                  00000a04    00000014                   : hibernate.obj (.text:HibernateRequest)
                  00000a18    00000014     rtsv7M4_T_le_v4SPD16_eabi.lib : _lock.obj (.text)
                  00000a2c    00000010     driverlib.lib : hibernate.obj (.text:_HibernateWriteComplete)
                  00000a3c    0000000e     rtsv7M4_T_le_v4SPD16_eabi.lib : copy_decompress_none.obj (.text:decompress:none)
                  00000a4a    0000000c     tm4c123gh6pm_startup_ccs.obj (.text)
                  00000a56    00000006     driverlib.lib : gpio.obj (.text:GPIOPinWrite)
                  00000a5c    00000006                   : sysctl.obj (.text:SysCtlDelay)
                  00000a62    00000006     rtsv7M4_T_le_v4SPD16_eabi.lib : copy_decompress_rle.obj (.text:decompress:rle24)
                  00000a68    00000004                                   : pre_init.obj (.text)

.const     0    00000a6c    0000006c     
                  00000a6c    0000006c     driverlib.lib : sysctl.obj (.const:g_pui32Xtals)

.cinit     0    00000ad8    00000028     
                  00000ad8    00000016     (.cinit..data.load) [load image, compression = rle]
                  00000aee    00000002     --HOLE-- [fill = 0]
                  00000af0    00000008     (__TI_handler_table)
                  00000af8    00000008     (__TI_cinit_table)

.init_array 
*          0    00000000    00000000     UNINITIALIZED

.stack     0    20000000    00000064     UNINITIALIZED
                  20000000    00000064     --HOLE--

.data      0    20000064    00000018     UNINITIALIZED
                  20000064    0000000c     rtsv7M4_T_le_v4SPD16_eabi.lib : exit.obj (.data:$O1$$)
                  20000070    00000008                                   : _lock.obj (.data:$O1$$)
                  20000078    00000004                                   : stkdepth_vars.obj (.data)

MODULE SUMMARY

       Module                         code   ro data   rw data
       ------                         ----   -------   -------
    .\
       tm4c123gh6pm_startup_ccs.obj   12     620       0      
       main.obj                       88     0         0      
    +--+------------------------------+------+---------+---------+
       Total:                         100    620       0      
                                                              
    C:/ti/TivaWare_C_Series-2.1.3.156/driverlib/ccs/Debug/driverlib.lib
       sysctl.obj                     574    108       0      
       gpio.obj                       378    0         0      
       hibernate.obj                  180    0         0      
    +--+------------------------------+------+---------+---------+
       Total:                         1132   108       0      
                                                              
    C:\ti\ccsv6\tools\compiler\arm_15.12.3.LTS\lib\rtsv7M4_T_le_v4SPD16_eabi.lib
       memcpy_t2.obj                  156    0         0      
       memset_t2.obj                  122    0         0      
       autoinit.obj                   112    0         0      
       copy_decompress_rle.obj        112    0         0      
       exit.obj                       84     0         12     
       boot.obj                       84     0         0      
       cpy_tbl.obj                    76     0         0      
       _lock.obj                      20     0         8      
       args_main.obj                  24     0         0      
       copy_decompress_none.obj       14     0         0      
       pre_init.obj                   4      0         0      
       stkdepth_vars.obj              0      0         4      
       mpu_init.obj                   2      0         0      
       startup.obj                    2      0         0      
    +--+------------------------------+------+---------+---------+
       Total:                         812    0         24     
                                                              
       Stack:                         0      0         100    
       Linker Generated:              0      38        0      
    +--+------------------------------+------+---------+---------+
       Grand Total:                   2044   766       124    


LINKER GENERATED COPY TABLES

__TI_cinit_table @ 00000af8 records: 1, size/record: 8, table size: 8
	.data: load addr=00000ad8, load size=00000016 bytes, run addr=20000064, run size=00000018 bytes, compression=rle


LINKER GENERATED HANDLER TABLE

__TI_handler_table @ 00000af0 records: 2, size/record: 4, table size: 8
	index: 0, handler: __TI_decompress_rle24
	index: 1, handler: __TI_decompress_none


GLOBAL SYMBOLS: SORTED ALPHABETICALLY BY Name 

address   name                           
-------   ----                           
000008a9  C$$EXIT                        
0000097d  GPIODirModeSet                 
0000026d  GPIOPadConfigSet               
000009a7  GPIOPinTypeGPIOOutput          
00000a57  GPIOPinWrite                   
000009f1  HibernateEnableExpClk          
000009c1  HibernateGPIORetentionEnable   
00000a05  HibernateRequest               
00000799  HibernateWakeSet               
00000a4b  ResetISR                       
UNDEFED   SHT$$INIT_ARRAY$$Base          
UNDEFED   SHT$$INIT_ARRAY$$Limit         
000003a1  SysCtlClockGet                 
000004b1  SysCtlClockSet                 
00000a5d  SysCtlDelay                    
00000949  SysCtlPeripheralEnable         
20000064  __STACK_END                    
00000064  __STACK_SIZE                   
20000200  __STACK_TOP                    
00000af8  __TI_CINIT_Base                
00000b00  __TI_CINIT_Limit               
00000af0  __TI_Handler_Table_Base        
00000af8  __TI_Handler_Table_Limit       
000006bd  __TI_auto_init                 
20000064  __TI_cleanup_ptr               
00000a3d  __TI_decompress_none           
00000a63  __TI_decompress_rle24          
20000068  __TI_dtors_ptr                 
2000006c  __TI_enable_exit_profile_output
ffffffff  __TI_pprof_out_hndl            
ffffffff  __TI_prof_data_size            
ffffffff  __TI_prof_data_start           
00000000  __TI_static_base__             
00000641  __aeabi_memclr                 
00000641  __aeabi_memclr4                
00000641  __aeabi_memclr8                
000005a5  __aeabi_memcpy                 
000005a5  __aeabi_memcpy4                
000005a5  __aeabi_memcpy8                
00000643  __aeabi_memset                 
00000643  __aeabi_memset4                
00000643  __aeabi_memset8                
ffffffff  __binit__                      
ffffffff  __c_args__                     
0000039f  __mpu_init                     
20000000  __stack                        
000009d9  _args_main                     
00000855  _c_int00                       
20000070  _lock                          
00000a27  _nop                           
00000a1f  _register_lock                 
00000a19  _register_unlock               
000006bb  _system_post_cinit             
00000a69  _system_pre_init               
20000074  _unlock                        
000008ad  abort                          
ffffffff  binit                          
000008fd  copy_in                        
000008b5  exit                           
00000000  g_pfnVectors                   
000007fd  main                           
20000078  main_func_sp                   
000005a5  memcpy                         
00000649  memset                         


GLOBAL SYMBOLS: SORTED BY Symbol Address 

address   name                           
-------   ----                           
00000000  __TI_static_base__             
00000000  g_pfnVectors                   
00000064  __STACK_SIZE                   
0000026d  GPIOPadConfigSet               
0000039f  __mpu_init                     
000003a1  SysCtlClockGet                 
000004b1  SysCtlClockSet                 
000005a5  __aeabi_memcpy                 
000005a5  __aeabi_memcpy4                
000005a5  __aeabi_memcpy8                
000005a5  memcpy                         
00000641  __aeabi_memclr                 
00000641  __aeabi_memclr4                
00000641  __aeabi_memclr8                
00000643  __aeabi_memset                 
00000643  __aeabi_memset4                
00000643  __aeabi_memset8                
00000649  memset                         
000006bb  _system_post_cinit             
000006bd  __TI_auto_init                 
00000799  HibernateWakeSet               
000007fd  main                           
00000855  _c_int00                       
000008a9  C$$EXIT                        
000008ad  abort                          
000008b5  exit                           
000008fd  copy_in                        
00000949  SysCtlPeripheralEnable         
0000097d  GPIODirModeSet                 
000009a7  GPIOPinTypeGPIOOutput          
000009c1  HibernateGPIORetentionEnable   
000009d9  _args_main                     
000009f1  HibernateEnableExpClk          
00000a05  HibernateRequest               
00000a19  _register_unlock               
00000a1f  _register_lock                 
00000a27  _nop                           
00000a3d  __TI_decompress_none           
00000a4b  ResetISR                       
00000a57  GPIOPinWrite                   
00000a5d  SysCtlDelay                    
00000a63  __TI_decompress_rle24          
00000a69  _system_pre_init               
00000af0  __TI_Handler_Table_Base        
00000af8  __TI_CINIT_Base                
00000af8  __TI_Handler_Table_Limit       
00000b00  __TI_CINIT_Limit               
20000000  __stack                        
20000064  __STACK_END                    
20000064  __TI_cleanup_ptr               
20000068  __TI_dtors_ptr                 
2000006c  __TI_enable_exit_profile_output
20000070  _lock                          
20000074  _unlock                        
20000078  main_func_sp                   
20000200  __STACK_TOP                    
ffffffff  __TI_pprof_out_hndl            
ffffffff  __TI_prof_data_size            
ffffffff  __TI_prof_data_start           
ffffffff  __binit__                      
ffffffff  __c_args__                     
ffffffff  binit                          
UNDEFED   SHT$$INIT_ARRAY$$Base          
UNDEFED   SHT$$INIT_ARRAY$$Limit         

[64 symbols]
