******************************************************************************
                  TI ARM Linker PC v15.12.3                    
******************************************************************************
>> Linked Sat Nov 19 21:51:20 2016

OUTPUT FILE NAME:   <lab4.out>
ENTRY POINT SYMBOL: "_c_int00"  address: 00000b99


MEMORY CONFIGURATION

         name            origin    length      used     unused   attr    fill
----------------------  --------  ---------  --------  --------  ----  --------
  FLASH                 00000000   00040000  0000116a  0003ee96  R  X
  SRAM                  20000000   00008000  000002ec  00007d14  RW X


SEGMENT ALLOCATION MAP

run origin  load origin   length   init length attrs members
----------  ----------- ---------- ----------- ----- -------
00000000    00000000    0000116c   0000116c    r-x
  00000000    00000000    0000026c   0000026c    r-- .intvecs
  0000026c    0000026c    00000c4e   00000c4e    r-x .text
  00000ebc    00000ebc    0000025c   0000025c    r-- .const
  00001118    00001118    00000054   00000054    r-- .cinit
20000000    20000000    000002ec   00000000    rw-
  20000000    20000000    0000026c   00000000    rw- .vtable
  2000026c    2000026c    00000064   00000000    rw- .stack
  200002d0    200002d0    00000018   00000000    rw- .data
  200002e8    200002e8    00000004   00000000    rw- .bss


SECTION ALLOCATION MAP

 output                                  attributes/
section   page    origin      length       input sections
--------  ----  ----------  ----------   ----------------
.intvecs   0    00000000    0000026c     
                  00000000    0000026c     tm4c123gh6pm_startup_ccs.obj (.intvecs)

.text      0    0000026c    00000c4e     
                  0000026c    000001e4     main.obj (.text)
                  00000450    00000132     driverlib.lib : gpio.obj (.text:GPIOPadConfigSet)
                  00000582    00000002     rtsv7M4_T_le_v4SPD16_eabi.lib : mpu_init.obj (.text)
                  00000584    00000110     driverlib.lib : sysctl.obj (.text:SysCtlClockGet)
                  00000694    000000fc     rtsv7M4_T_le_v4SPD16_eabi.lib : fd_mul_t2.obj (.text)
                  00000790    000000f4     driverlib.lib : sysctl.obj (.text:SysCtlClockSet)
                  00000884    0000009c     rtsv7M4_T_le_v4SPD16_eabi.lib : memcpy_t2.obj (.text)
                  00000920    0000007a                                   : memset_t2.obj (.text)
                  0000099a    00000002                                   : startup.obj (.text)
                  0000099c    00000070                                   : autoinit.obj (.text)
                  00000a0c    0000006a                                   : copy_decompress_rle.obj (.text)
                  00000a76    00000002     --HOLE-- [fill = 0]
                  00000a78    00000068     driverlib.lib : interrupt.obj (.text:IntEnable)
                  00000ae0    00000060                   : timer.obj (.text:TimerConfigure)
                  00000b40    00000056                   : gpio.obj (.text:GPIOIntTypeSet)
                  00000b96    00000002     --HOLE-- [fill = 0]
                  00000b98    00000054     rtsv7M4_T_le_v4SPD16_eabi.lib : boot.obj (.text)
                  00000bec    00000054                                   : exit.obj (.text)
                  00000c40    0000004c                                   : cpy_tbl.obj (.text)
                  00000c8c    00000044                                   : fd_tou_t2.obj (.text)
                  00000cd0    00000040     driverlib.lib : gpio.obj (.text:_GPIOIntNumberGet)
                  00000d10    00000034                   : interrupt.obj (.text:IntRegister)
                  00000d44    00000034                   : sysctl.obj (.text:SysCtlPeripheralEnable)
                  00000d78    0000002a                   : gpio.obj (.text:GPIODirModeSet)
                  00000da2    00000020     rtsv7M4_T_le_v4SPD16_eabi.lib : u_tofd_t2.obj (.text)
                  00000dc2    00000018     driverlib.lib : gpio.obj (.text:GPIOIntRegister)
                  00000dda    00000018                   : gpio.obj (.text:GPIOPinTypeGPIOOutput)
                  00000df2    00000002     --HOLE-- [fill = 0]
                  00000df4    00000018     rtsv7M4_T_le_v4SPD16_eabi.lib : args_main.obj (.text)
                  00000e0c    00000014                                   : _lock.obj (.text)
                  00000e20    00000012     driverlib.lib : timer.obj (.text:TimerLoadSet)
                  00000e32    00000010                   : interrupt.obj (.text:IntMasterEnable)
                  00000e42    0000000e                   : timer.obj (.text:TimerEnable)
                  00000e50    0000000e     rtsv7M4_T_le_v4SPD16_eabi.lib : copy_decompress_none.obj (.text:decompress:none)
                  00000e5e    0000000c     driverlib.lib : cpu.obj (.text:CPUcpsie)
                  00000e6a    0000000c                   : gpio.obj (.text:GPIOIntEnable)
                  00000e76    0000000c     tm4c123gh6pm_startup_ccs.obj (.text)
                  00000e82    0000000a     driverlib.lib : timer.obj (.text:TimerValueGet)
                  00000e8c    00000008                   : timer.obj (.text:TimerIntEnable)
                  00000e94    00000006                   : gpio.obj (.text:GPIOIntClear)
                  00000e9a    00000006                   : gpio.obj (.text:GPIOPinRead)
                  00000ea0    00000006                   : gpio.obj (.text:GPIOPinWrite)
                  00000ea6    00000006                   : sysctl.obj (.text:SysCtlDelay)
                  00000eac    00000006     rtsv7M4_T_le_v4SPD16_eabi.lib : copy_decompress_rle.obj (.text:decompress:rle24)
                  00000eb2    00000004     driverlib.lib : timer.obj (.text:TimerIntClear)
                  00000eb6    00000004     rtsv7M4_T_le_v4SPD16_eabi.lib : pre_init.obj (.text)

.const     0    00000ebc    0000025c     
                  00000ebc    000000c0     driverlib.lib : gpio.obj (.const:g_ppui32GPIOIntMapBlizzard)
                  00000f7c    000000c0                   : gpio.obj (.const:g_ppui32GPIOIntMapSnowflake)
                  0000103c    00000070                   : interrupt.obj (.const)
                  000010ac    0000006c                   : sysctl.obj (.const:g_pui32Xtals)

.cinit     0    00001118    00000054     
                  00001118    00000016     (.cinit..data.load) [load image, compression = rle]
                  0000112e    00000002     --HOLE-- [fill = 0]
                  00001130    0000000b     (.cinit..vtable.load) [load image, compression = rle]
                  0000113b    00000005     --HOLE-- [fill = 0]
                  00001140    00000009     (.cinit..bss.load) [load image, compression = rle]
                  00001149    00000003     --HOLE-- [fill = 0]
                  0000114c    00000008     (__TI_handler_table)
                  00001154    00000018     (__TI_cinit_table)

.init_array 
*          0    00000000    00000000     UNINITIALIZED

.vtable    0    20000000    0000026c     UNINITIALIZED
                  20000000    0000026c     driverlib.lib : interrupt.obj (.vtable)

.stack     0    2000026c    00000064     UNINITIALIZED
                  2000026c    00000064     --HOLE--

.data      0    200002d0    00000018     UNINITIALIZED
                  200002d0    0000000c     rtsv7M4_T_le_v4SPD16_eabi.lib : exit.obj (.data:$O1$$)
                  200002dc    00000008                                   : _lock.obj (.data:$O1$$)
                  200002e4    00000004                                   : stkdepth_vars.obj (.data)

.bss       0    200002e8    00000004     UNINITIALIZED
                  200002e8    00000004     (.common:ui32Period)

MODULE SUMMARY

       Module                         code   ro data   rw data
       ------                         ----   -------   -------
    .\
       tm4c123gh6pm_startup_ccs.obj   12     620       0      
       main.obj                       484    0         4      
    +--+------------------------------+------+---------+---------+
       Total:                         496    620       4      
                                                              
    C:/ti/ccsv6/TivaWare_C_Series-2.1.3.156/driverlib/ccs/Debug/driverlib.lib
       gpio.obj                       576    384       0      
       interrupt.obj                  172    112       620    
       sysctl.obj                     574    108       0      
       timer.obj                      150    0         0      
       cpu.obj                        12     0         0      
    +--+------------------------------+------+---------+---------+
       Total:                         1484   604       620    
                                                              
    C:\ti\ccsv6\tools\compiler\arm_15.12.3.LTS\lib\rtsv7M4_T_le_v4SPD16_eabi.lib
       fd_mul_t2.obj                  252    0         0      
       memcpy_t2.obj                  156    0         0      
       memset_t2.obj                  122    0         0      
       autoinit.obj                   112    0         0      
       copy_decompress_rle.obj        112    0         0      
       exit.obj                       84     0         12     
       boot.obj                       84     0         0      
       cpy_tbl.obj                    76     0         0      
       fd_tou_t2.obj                  68     0         0      
       u_tofd_t2.obj                  32     0         0      
       _lock.obj                      20     0         8      
       args_main.obj                  24     0         0      
       copy_decompress_none.obj       14     0         0      
       pre_init.obj                   4      0         0      
       stkdepth_vars.obj              0      0         4      
       mpu_init.obj                   2      0         0      
       startup.obj                    2      0         0      
    +--+------------------------------+------+---------+---------+
       Total:                         1164   0         24     
                                                              
       Stack:                         0      0         100    
       Linker Generated:              0      74        0      
    +--+------------------------------+------+---------+---------+
       Grand Total:                   3144   1298      748    


LINKER GENERATED COPY TABLES

__TI_cinit_table @ 00001154 records: 3, size/record: 8, table size: 24
	.data: load addr=00001118, load size=00000016 bytes, run addr=200002d0, run size=00000018 bytes, compression=rle
	.vtable: load addr=00001130, load size=0000000b bytes, run addr=20000000, run size=0000026c bytes, compression=rle
	.bss: load addr=00001140, load size=00000009 bytes, run addr=200002e8, run size=00000004 bytes, compression=rle


LINKER GENERATED HANDLER TABLE

__TI_handler_table @ 0000114c records: 2, size/record: 4, table size: 8
	index: 0, handler: __TI_decompress_rle24
	index: 1, handler: __TI_decompress_none


GLOBAL SYMBOLS: SORTED ALPHABETICALLY BY Name 

address   name                           
-------   ----                           
00000bed  C$$EXIT                        
00000e5f  CPUcpsie                       
00000d79  GPIODirModeSet                 
0000039b  GPIOF0IntHandler               
00000e95  GPIOIntClear                   
00000e6b  GPIOIntEnable                  
00000dc3  GPIOIntRegister                
00000b41  GPIOIntTypeSet                 
00000451  GPIOPadConfigSet               
00000e9b  GPIOPinRead                    
00000ddb  GPIOPinTypeGPIOOutput          
00000ea1  GPIOPinWrite                   
00000a79  IntEnable                      
00000e33  IntMasterEnable                
00000d11  IntRegister                    
00000e77  ResetISR                       
UNDEFED   SHT$$INIT_ARRAY$$Base          
UNDEFED   SHT$$INIT_ARRAY$$Limit         
00000585  SysCtlClockGet                 
00000791  SysCtlClockSet                 
00000ea7  SysCtlDelay                    
00000d45  SysCtlPeripheralEnable         
0000032f  Timer0IntHandler               
00000ae1  TimerConfigure                 
00000e43  TimerEnable                    
00000eb3  TimerIntClear                  
00000e8d  TimerIntEnable                 
00000e21  TimerLoadSet                   
00000e83  TimerValueGet                  
200002d0  __STACK_END                    
00000064  __STACK_SIZE                   
2000046c  __STACK_TOP                    
00001154  __TI_CINIT_Base                
0000116c  __TI_CINIT_Limit               
0000114c  __TI_Handler_Table_Base        
00001154  __TI_Handler_Table_Limit       
0000099d  __TI_auto_init                 
200002d0  __TI_cleanup_ptr               
00000e51  __TI_decompress_none           
00000ead  __TI_decompress_rle24          
200002d4  __TI_dtors_ptr                 
200002d8  __TI_enable_exit_profile_output
ffffffff  __TI_pprof_out_hndl            
ffffffff  __TI_prof_data_size            
ffffffff  __TI_prof_data_start           
00000000  __TI_static_base__             
00000c8d  __aeabi_d2uiz                  
00000695  __aeabi_dmul                   
00000921  __aeabi_memclr                 
00000921  __aeabi_memclr4                
00000921  __aeabi_memclr8                
00000885  __aeabi_memcpy                 
00000885  __aeabi_memcpy4                
00000885  __aeabi_memcpy8                
00000923  __aeabi_memset                 
00000923  __aeabi_memset4                
00000923  __aeabi_memset8                
00000da3  __aeabi_ui2d                   
ffffffff  __binit__                      
ffffffff  __c_args__                     
00000583  __mpu_init                     
2000026c  __stack                        
00000df5  _args_main                     
00000b99  _c_int00                       
200002dc  _lock                          
00000e1b  _nop                           
00000e13  _register_lock                 
00000e0d  _register_unlock               
0000099b  _system_post_cinit             
00000eb7  _system_pre_init               
200002e0  _unlock                        
00000bf1  abort                          
ffffffff  binit                          
00000c41  copy_in                        
00000bf9  exit                           
20000000  g_pfnRAMVectors                
00000000  g_pfnVectors                   
0000026d  main                           
200002e4  main_func_sp                   
00000885  memcpy                         
00000929  memset                         
200002e8  ui32Period                     


GLOBAL SYMBOLS: SORTED BY Symbol Address 

address   name                           
-------   ----                           
00000000  __TI_static_base__             
00000000  g_pfnVectors                   
00000064  __STACK_SIZE                   
0000026d  main                           
0000032f  Timer0IntHandler               
0000039b  GPIOF0IntHandler               
00000451  GPIOPadConfigSet               
00000583  __mpu_init                     
00000585  SysCtlClockGet                 
00000695  __aeabi_dmul                   
00000791  SysCtlClockSet                 
00000885  __aeabi_memcpy                 
00000885  __aeabi_memcpy4                
00000885  __aeabi_memcpy8                
00000885  memcpy                         
00000921  __aeabi_memclr                 
00000921  __aeabi_memclr4                
00000921  __aeabi_memclr8                
00000923  __aeabi_memset                 
00000923  __aeabi_memset4                
00000923  __aeabi_memset8                
00000929  memset                         
0000099b  _system_post_cinit             
0000099d  __TI_auto_init                 
00000a79  IntEnable                      
00000ae1  TimerConfigure                 
00000b41  GPIOIntTypeSet                 
00000b99  _c_int00                       
00000bed  C$$EXIT                        
00000bf1  abort                          
00000bf9  exit                           
00000c41  copy_in                        
00000c8d  __aeabi_d2uiz                  
00000d11  IntRegister                    
00000d45  SysCtlPeripheralEnable         
00000d79  GPIODirModeSet                 
00000da3  __aeabi_ui2d                   
00000dc3  GPIOIntRegister                
00000ddb  GPIOPinTypeGPIOOutput          
00000df5  _args_main                     
00000e0d  _register_unlock               
00000e13  _register_lock                 
00000e1b  _nop                           
00000e21  TimerLoadSet                   
00000e33  IntMasterEnable                
00000e43  TimerEnable                    
00000e51  __TI_decompress_none           
00000e5f  CPUcpsie                       
00000e6b  GPIOIntEnable                  
00000e77  ResetISR                       
00000e83  TimerValueGet                  
00000e8d  TimerIntEnable                 
00000e95  GPIOIntClear                   
00000e9b  GPIOPinRead                    
00000ea1  GPIOPinWrite                   
00000ea7  SysCtlDelay                    
00000ead  __TI_decompress_rle24          
00000eb3  TimerIntClear                  
00000eb7  _system_pre_init               
0000114c  __TI_Handler_Table_Base        
00001154  __TI_CINIT_Base                
00001154  __TI_Handler_Table_Limit       
0000116c  __TI_CINIT_Limit               
20000000  g_pfnRAMVectors                
2000026c  __stack                        
200002d0  __STACK_END                    
200002d0  __TI_cleanup_ptr               
200002d4  __TI_dtors_ptr                 
200002d8  __TI_enable_exit_profile_output
200002dc  _lock                          
200002e0  _unlock                        
200002e4  main_func_sp                   
200002e8  ui32Period                     
2000046c  __STACK_TOP                    
ffffffff  __TI_pprof_out_hndl            
ffffffff  __TI_prof_data_size            
ffffffff  __TI_prof_data_start           
ffffffff  __binit__                      
ffffffff  __c_args__                     
ffffffff  binit                          
UNDEFED   SHT$$INIT_ARRAY$$Base          
UNDEFED   SHT$$INIT_ARRAY$$Limit         

[82 symbols]
