******************************************************************************
                  TI ARM Linker PC v16.9.0                     
******************************************************************************
>> Linked Wed Nov 09 09:28:10 2016

OUTPUT FILE NAME:   <midterm.out>
ENTRY POINT SYMBOL: "_c_int00"  address: 0000121d


MEMORY CONFIGURATION

         name            origin    length      used     unused   attr    fill
----------------------  --------  ---------  --------  --------  ----  --------
  FLASH                 00000000   00040000  000019af  0003e651  R  X
  SRAM                  20000000   00008000  00000224  00007ddc  RW X


SEGMENT ALLOCATION MAP

run origin  load origin   length   init length attrs members
----------  ----------- ---------- ----------- ----- -------
00000000    00000000    000019b8   000019b8    r-x
  00000000    00000000    0000026c   0000026c    r-- .intvecs
  0000026c    0000026c    000013c6   000013c6    r-x .text
  00001634    00001634    00000345   00000345    r-- .const
  00001980    00001980    00000038   00000038    r-- .cinit
20000000    20000000    00000224   00000000    rw-
  20000000    20000000    00000200   00000000    rw- .stack
  20000200    20000200    00000020   00000000    rw- .data
  20000220    20000220    00000004   00000000    rw- .bss


SECTION ALLOCATION MAP

 output                                  attributes/
section   page    origin      length       input sections
--------  ----  ----------  ----------   ----------------
.intvecs   0    00000000    0000026c     
                  00000000    0000026c     tm4c123gh6pm_startup_ccs.obj (.intvecs)

.text      0    0000026c    000013c6     
                  0000026c    00000990     main.obj (.text)
                  00000bfc    000001ec     driverlib.lib : sysctl.obj (.text:SysCtlClockFreqSet)
                  00000de8    00000132                   : gpio.obj (.text:GPIOPadConfigSet)
                  00000f1a    00000002     rtsv7M4_T_le_v4SPD16_eabi.lib : i_div0.obj (.text)
                  00000f1c    00000110     driverlib.lib : sysctl.obj (.text:SysCtlClockGet)
                  0000102c    0000009c     rtsv7M4_T_le_v4SPD16_eabi.lib : memcpy_t2.obj (.text)
                  000010c8    0000007a                                   : memset_t2.obj (.text)
                  00001142    00000002                                   : mpu_init.obj (.text)
                  00001144    00000070                                   : autoinit.obj (.text)
                  000011b4    00000068                                   : copy_decompress_lzss.obj (.text:decompress:lzss)
                  0000121c    00000054                                   : boot.obj (.text)
                  00001270    00000054                                   : exit.obj (.text)
                  000012c4    0000004c     driverlib.lib : i2c.obj (.text:I2CMasterInitExpClk)
                  00001310    0000004c     rtsv7M4_T_le_v4SPD16_eabi.lib : cpy_tbl.obj (.text)
                  0000135c    00000048     driverlib.lib : gpio.obj (.text:GPIOPinConfigure)
                  000013a4    00000048                   : sysctl.obj (.text:_SysCtlFrequencyGet)
                  000013ec    00000046                   : uart.obj (.text:UARTConfigSetExpClk)
                  00001432    00000040     rtsv7M4_T_le_v4SPD16_eabi.lib : u_divt2.obj (.text)
                  00001472    00000002                                   : startup.obj (.text)
                  00001474    00000038     driverlib.lib : sysctl.obj (.text:SysCtlPeripheralPresent)
                  000014ac    00000034                   : sysctl.obj (.text:SysCtlPeripheralEnable)
                  000014e0    0000002a                   : gpio.obj (.text:GPIODirModeSet)
                  0000150a    00000002     --HOLE-- [fill = 0]
                  0000150c    00000020                   : uart.obj (.text:UARTDisable)
                  0000152c    00000020                   : sysctl.obj (.text:_SysCtlMemTimingGet)
                  0000154c    00000018     rtsv7M4_T_le_v4SPD16_eabi.lib : args_main.obj (.text)
                  00001564    00000014     driverlib.lib : uart.obj (.text:UARTEnable)
                  00001578    00000014     rtsv7M4_T_le_v4SPD16_eabi.lib : _lock.obj (.text)
                  0000158c    00000012     driverlib.lib : gpio.obj (.text:GPIOPinTypeI2C)
                  0000159e    00000012                   : gpio.obj (.text:GPIOPinTypeI2CSCL)
                  000015b0    00000012                   : gpio.obj (.text:GPIOPinTypeUART)
                  000015c2    0000000e     rtsv7M4_T_le_v4SPD16_eabi.lib : copy_decompress_none.obj (.text:decompress:none)
                  000015d0    0000000c                                   : copy_zero_init.obj (.text:decompress:ZI)
                  000015dc    0000000c     tm4c123gh6pm_startup_ccs.obj (.text)
                  000015e8    0000000a     driverlib.lib : i2c.obj (.text:I2CMasterEnable)
                  000015f2    0000000a                   : uart.obj (.text:UARTCharGet)
                  000015fc    0000000a                   : uart.obj (.text:UARTCharPut)
                  00001606    00000008                   : i2c.obj (.text:I2CMasterBusy)
                  0000160e    00000008                   : i2c.obj (.text:I2CMasterSlaveAddrSet)
                  00001616    00000006                   : sysctl.obj (.text:SysCtlDelay)
                  0000161c    00000006                   : uart.obj (.text:UARTClockSourceSet)
                  00001622    00000004                   : i2c.obj (.text:I2CMasterControl)
                  00001626    00000004                   : i2c.obj (.text:I2CMasterDataGet)
                  0000162a    00000004                   : i2c.obj (.text:I2CMasterDataPut)
                  0000162e    00000004     rtsv7M4_T_le_v4SPD16_eabi.lib : pre_init.obj (.text)

.const     0    00001634    00000345     
                  00001634    000001b0     driverlib.lib : sysctl.obj (.const:g_pppui32XTALtoVCO)
                  000017e4    00000090                   : gpio.obj (.const:g_pui32GPIOBaseAddrs)
                  00001874    0000006c                   : sysctl.obj (.const:g_pui32Xtals)
                  000018e0    00000030     main.obj (.const:.string:$P$T0$2)
                  00001910    00000030     driverlib.lib : sysctl.obj (.const:g_sXTALtoMEMTIM)
                  00001940    00000012     main.obj (.const:.string)
                  00001952    00000002     --HOLE-- [fill = 0]
                  00001954    0000000c     main.obj (.const:g_ui32UARTBase)
                  00001960    0000000c     main.obj (.const:g_ui32UARTPeriph)
                  0000196c    00000008     driverlib.lib : sysctl.obj (.const)
                  00001974    00000005     main.obj (.const)

.cinit     0    00001980    00000038     
                  00001980    00000011     (.cinit..data.load) [load image, compression = lzss]
                  00001991    00000003     --HOLE-- [fill = 0]
                  00001994    0000000c     (__TI_handler_table)
                  000019a0    00000008     (.cinit..bss.load) [load image, compression = zero_init]
                  000019a8    00000010     (__TI_cinit_table)

.init_array 
*          0    00000000    00000000     UNINITIALIZED

.stack     0    20000000    00000200     UNINITIALIZED
                  20000000    00000200     --HOLE--

.data      0    20000200    00000020     UNINITIALIZED
                  20000200    0000000c     rtsv7M4_T_le_v4SPD16_eabi.lib : exit.obj (.data:$O1$$)
                  2000020c    00000008                                   : _lock.obj (.data:$O1$$)
                  20000214    00000005     main.obj (.data)
                  20000219    00000003     --HOLE--
                  2000021c    00000004     rtsv7M4_T_le_v4SPD16_eabi.lib : stkdepth_vars.obj (.data)

.bss       0    20000220    00000004     UNINITIALIZED
                  20000220    00000004     (.common:ui32SysClock)

MODULE SUMMARY

       Module                         code   ro data   rw data
       ------                         ----   -------   -------
    .\
       main.obj                       2448   95        9      
       tm4c123gh6pm_startup_ccs.obj   12     620       0      
    +--+------------------------------+------+---------+---------+
       Total:                         2460   715       9      
                                                              
    C:/ti/ccsv6/TivaWare_C_Series-2.1.3.156/driverlib/ccs/Debug/driverlib.lib
       sysctl.obj                     982    596       0      
       gpio.obj                       474    144       0      
       uart.obj                       148    0         0      
       i2c.obj                        114    0         0      
    +--+------------------------------+------+---------+---------+
       Total:                         1718   740       0      
                                                              
    C:\ti\ccsv6\tools\compiler\ti-cgt-arm_16.9.0.LTS\lib\rtsv7M4_T_le_v4SPD16_eabi.lib
       memcpy_t2.obj                  156    0         0      
       memset_t2.obj                  122    0         0      
       autoinit.obj                   112    0         0      
       copy_decompress_lzss.obj       104    0         0      
       exit.obj                       84     0         12     
       boot.obj                       84     0         0      
       cpy_tbl.obj                    76     0         0      
       u_divt2.obj                    64     0         0      
       _lock.obj                      20     0         8      
       args_main.obj                  24     0         0      
       copy_decompress_none.obj       14     0         0      
       copy_zero_init.obj             12     0         0      
       pre_init.obj                   4      0         0      
       stkdepth_vars.obj              0      0         4      
       i_div0.obj                     2      0         0      
       mpu_init.obj                   2      0         0      
       startup.obj                    2      0         0      
    +--+------------------------------+------+---------+---------+
       Total:                         882    0         24     
                                                              
       Stack:                         0      0         512    
       Linker Generated:              0      53        0      
    +--+------------------------------+------+---------+---------+
       Grand Total:                   5060   1508      545    


LINKER GENERATED COPY TABLES

__TI_cinit_table @ 000019a8 records: 2, size/record: 8, table size: 16
	.data: load addr=00001980, load size=00000011 bytes, run addr=20000200, run size=00000020 bytes, compression=lzss
	.bss: load addr=000019a0, load size=00000008 bytes, run addr=20000220, run size=00000004 bytes, compression=zero_init


LINKER GENERATED HANDLER TABLE

__TI_handler_table @ 00001994 records: 3, size/record: 4, table size: 12
	index: 0, handler: __TI_decompress_lzss
	index: 1, handler: __TI_decompress_none
	index: 2, handler: __TI_zero_init


GLOBAL SYMBOLS: SORTED ALPHABETICALLY BY Name 

address   name                           
-------   ----                           
00001271  C$$EXIT                        
00001978  DebuggingMode                  
000014e1  GPIODirModeSet                 
00000de9  GPIOPadConfigSet               
0000135d  GPIOPinConfigure               
0000158d  GPIOPinTypeI2C                 
0000159f  GPIOPinTypeI2CSCL              
000015b1  GPIOPinTypeUART                
00001607  I2CMasterBusy                  
00001623  I2CMasterControl               
00001627  I2CMasterDataGet               
0000162b  I2CMasterDataPut               
000015e9  I2CMasterEnable                
000012c5  I2CMasterInitExpClk            
0000160f  I2CMasterSlaveAddrSet          
000006f7  InitConsole                    
000015dd  ResetISR                       
UNDEFED   SHT$$INIT_ARRAY$$Base          
UNDEFED   SHT$$INIT_ARRAY$$Limit         
00000bfd  SysCtlClockFreqSet             
00000f1d  SysCtlClockGet                 
00001617  SysCtlDelay                    
000014ad  SysCtlPeripheralEnable         
00001475  SysCtlPeripheralPresent        
00000843  TSL2591_init                   
000015f3  UARTCharGet                    
000015fd  UARTCharPut                    
0000161d  UARTClockSourceSet             
000013ed  UARTConfigSetExpClk            
0000150d  UARTDisable                    
00001565  UARTEnable                     
0000026d  UARTStdioConfig                
000003b3  UARTgetc                       
000002f9  UARTgets                       
000006d3  UARTprintf                     
000003d9  UARTvprintf                    
000002b3  UARTwrite                      
20000200  __STACK_END                    
00000200  __STACK_SIZE                   
20000200  __STACK_TOP                    
000019a8  __TI_CINIT_Base                
000019b8  __TI_CINIT_Limit               
00001994  __TI_Handler_Table_Base        
000019a0  __TI_Handler_Table_Limit       
00001145  __TI_auto_init                 
20000200  __TI_cleanup_ptr               
000011b5  __TI_decompress_lzss           
000015c3  __TI_decompress_none           
20000204  __TI_dtors_ptr                 
20000208  __TI_enable_exit_profile_output
ffffffff  __TI_pprof_out_hndl            
ffffffff  __TI_prof_data_size            
ffffffff  __TI_prof_data_start           
00000000  __TI_static_base__             
000015d1  __TI_zero_init                 
00000f1b  __aeabi_idiv0                  
000010c9  __aeabi_memclr                 
000010c9  __aeabi_memclr4                
000010c9  __aeabi_memclr8                
0000102d  __aeabi_memcpy                 
0000102d  __aeabi_memcpy4                
0000102d  __aeabi_memcpy8                
000010cb  __aeabi_memset                 
000010cb  __aeabi_memset4                
000010cb  __aeabi_memset8                
00001433  __aeabi_uidiv                  
00001433  __aeabi_uidivmod               
ffffffff  __binit__                      
ffffffff  __c_args__                     
00001143  __mpu_init                     
20000000  __stack                        
0000154d  _args_main                     
0000121d  _c_int00                       
2000020c  _lock                          
00001587  _nop                           
0000157f  _register_lock                 
00001579  _register_unlock               
00001473  _system_post_cinit             
0000162f  _system_pre_init               
20000210  _unlock                        
00001275  abort                          
ffffffff  binit                          
00001311  copy_in                        
0000127d  exit                           
000009e1  ftoa                           
00000000  g_pfnVectors                   
00000869  getLuminosity                  
00000731  i2c0_init                      
00000775  i2c0_read                      
000007e3  i2c0_write                     
00000ad5  main                           
2000021c  main_func_sp                   
0000102d  memcpy                         
000010d1  memset                         
20000220  ui32SysClock                   


GLOBAL SYMBOLS: SORTED BY Symbol Address 

address   name                           
-------   ----                           
00000000  __TI_static_base__             
00000000  g_pfnVectors                   
00000200  __STACK_SIZE                   
0000026d  UARTStdioConfig                
000002b3  UARTwrite                      
000002f9  UARTgets                       
000003b3  UARTgetc                       
000003d9  UARTvprintf                    
000006d3  UARTprintf                     
000006f7  InitConsole                    
00000731  i2c0_init                      
00000775  i2c0_read                      
000007e3  i2c0_write                     
00000843  TSL2591_init                   
00000869  getLuminosity                  
000009e1  ftoa                           
00000ad5  main                           
00000bfd  SysCtlClockFreqSet             
00000de9  GPIOPadConfigSet               
00000f1b  __aeabi_idiv0                  
00000f1d  SysCtlClockGet                 
0000102d  __aeabi_memcpy                 
0000102d  __aeabi_memcpy4                
0000102d  __aeabi_memcpy8                
0000102d  memcpy                         
000010c9  __aeabi_memclr                 
000010c9  __aeabi_memclr4                
000010c9  __aeabi_memclr8                
000010cb  __aeabi_memset                 
000010cb  __aeabi_memset4                
000010cb  __aeabi_memset8                
000010d1  memset                         
00001143  __mpu_init                     
00001145  __TI_auto_init                 
000011b5  __TI_decompress_lzss           
0000121d  _c_int00                       
00001271  C$$EXIT                        
00001275  abort                          
0000127d  exit                           
000012c5  I2CMasterInitExpClk            
00001311  copy_in                        
0000135d  GPIOPinConfigure               
000013ed  UARTConfigSetExpClk            
00001433  __aeabi_uidiv                  
00001433  __aeabi_uidivmod               
00001473  _system_post_cinit             
00001475  SysCtlPeripheralPresent        
000014ad  SysCtlPeripheralEnable         
000014e1  GPIODirModeSet                 
0000150d  UARTDisable                    
0000154d  _args_main                     
00001565  UARTEnable                     
00001579  _register_unlock               
0000157f  _register_lock                 
00001587  _nop                           
0000158d  GPIOPinTypeI2C                 
0000159f  GPIOPinTypeI2CSCL              
000015b1  GPIOPinTypeUART                
000015c3  __TI_decompress_none           
000015d1  __TI_zero_init                 
000015dd  ResetISR                       
000015e9  I2CMasterEnable                
000015f3  UARTCharGet                    
000015fd  UARTCharPut                    
00001607  I2CMasterBusy                  
0000160f  I2CMasterSlaveAddrSet          
00001617  SysCtlDelay                    
0000161d  UARTClockSourceSet             
00001623  I2CMasterControl               
00001627  I2CMasterDataGet               
0000162b  I2CMasterDataPut               
0000162f  _system_pre_init               
00001978  DebuggingMode                  
00001994  __TI_Handler_Table_Base        
000019a0  __TI_Handler_Table_Limit       
000019a8  __TI_CINIT_Base                
000019b8  __TI_CINIT_Limit               
20000000  __stack                        
20000200  __STACK_END                    
20000200  __STACK_TOP                    
20000200  __TI_cleanup_ptr               
20000204  __TI_dtors_ptr                 
20000208  __TI_enable_exit_profile_output
2000020c  _lock                          
20000210  _unlock                        
2000021c  main_func_sp                   
20000220  ui32SysClock                   
ffffffff  __TI_pprof_out_hndl            
ffffffff  __TI_prof_data_size            
ffffffff  __TI_prof_data_start           
ffffffff  __binit__                      
ffffffff  __c_args__                     
ffffffff  binit                          
UNDEFED   SHT$$INIT_ARRAY$$Base          
UNDEFED   SHT$$INIT_ARRAY$$Limit         

[95 symbols]
