******************************************************************************
                  TI ARM Linker PC v16.9.0                     
******************************************************************************
>> Linked Thu Nov 10 21:52:54 2016

OUTPUT FILE NAME:   <midterm.out>
ENTRY POINT SYMBOL: "_c_int00"  address: 000011f1


MEMORY CONFIGURATION

         name            origin    length      used     unused   attr    fill
----------------------  --------  ---------  --------  --------  ----  --------
  FLASH                 00000000   00040000  00001983  0003e67d  R  X
  SRAM                  20000000   00008000  00000224  00007ddc  RW X


SEGMENT ALLOCATION MAP

run origin  load origin   length   init length attrs members
----------  ----------- ---------- ----------- ----- -------
00000000    00000000    00001988   00001988    r-x
  00000000    00000000    0000026c   0000026c    r-- .intvecs
  0000026c    0000026c    0000139a   0000139a    r-x .text
  00001608    00001608    00000345   00000345    r-- .const
  00001950    00001950    00000038   00000038    r-- .cinit
20000000    20000000    00000224   00000000    rw-
  20000000    20000000    00000200   00000000    rw- .stack
  20000200    20000200    00000020   00000000    rw- .data
  20000220    20000220    00000004   00000000    rw- .bss


SECTION ALLOCATION MAP

 output                                  attributes/
section   page    origin      length       input sections
--------  ----  ----------  ----------   ----------------
.intvecs   0    00000000    0000026c     
                  00000000    0000026c     tm4c123gh6pm_startup_ccs.obj (.intvecs)

.text      0    0000026c    0000139a     
                  0000026c    00000964     main.obj (.text)
                  00000bd0    000001ec     driverlib.lib : sysctl.obj (.text:SysCtlClockFreqSet)
                  00000dbc    00000132                   : gpio.obj (.text:GPIOPadConfigSet)
                  00000eee    00000002     rtsv7M4_T_le_v4SPD16_eabi.lib : i_div0.obj (.text)
                  00000ef0    00000110     driverlib.lib : sysctl.obj (.text:SysCtlClockGet)
                  00001000    0000009c     rtsv7M4_T_le_v4SPD16_eabi.lib : memcpy_t2.obj (.text)
                  0000109c    0000007a                                   : memset_t2.obj (.text)
                  00001116    00000002                                   : mpu_init.obj (.text)
                  00001118    00000070                                   : autoinit.obj (.text)
                  00001188    00000068                                   : copy_decompress_lzss.obj (.text:decompress:lzss)
                  000011f0    00000054                                   : boot.obj (.text)
                  00001244    00000054                                   : exit.obj (.text)
                  00001298    0000004c     driverlib.lib : i2c.obj (.text:I2CMasterInitExpClk)
                  000012e4    0000004c     rtsv7M4_T_le_v4SPD16_eabi.lib : cpy_tbl.obj (.text)
                  00001330    00000048     driverlib.lib : gpio.obj (.text:GPIOPinConfigure)
                  00001378    00000048                   : sysctl.obj (.text:_SysCtlFrequencyGet)
                  000013c0    00000046                   : uart.obj (.text:UARTConfigSetExpClk)
                  00001406    00000040     rtsv7M4_T_le_v4SPD16_eabi.lib : u_divt2.obj (.text)
                  00001446    00000002                                   : startup.obj (.text)
                  00001448    00000038     driverlib.lib : sysctl.obj (.text:SysCtlPeripheralPresent)
                  00001480    00000034                   : sysctl.obj (.text:SysCtlPeripheralEnable)
                  000014b4    0000002a                   : gpio.obj (.text:GPIODirModeSet)
                  000014de    00000002     --HOLE-- [fill = 0]
                  000014e0    00000020                   : uart.obj (.text:UARTDisable)
                  00001500    00000020                   : sysctl.obj (.text:_SysCtlMemTimingGet)
                  00001520    00000018     rtsv7M4_T_le_v4SPD16_eabi.lib : args_main.obj (.text)
                  00001538    00000014     driverlib.lib : uart.obj (.text:UARTEnable)
                  0000154c    00000014     rtsv7M4_T_le_v4SPD16_eabi.lib : _lock.obj (.text)
                  00001560    00000012     driverlib.lib : gpio.obj (.text:GPIOPinTypeI2C)
                  00001572    00000012                   : gpio.obj (.text:GPIOPinTypeI2CSCL)
                  00001584    00000012                   : gpio.obj (.text:GPIOPinTypeUART)
                  00001596    0000000e     rtsv7M4_T_le_v4SPD16_eabi.lib : copy_decompress_none.obj (.text:decompress:none)
                  000015a4    0000000c                                   : copy_zero_init.obj (.text:decompress:ZI)
                  000015b0    0000000c     tm4c123gh6pm_startup_ccs.obj (.text)
                  000015bc    0000000a     driverlib.lib : i2c.obj (.text:I2CMasterEnable)
                  000015c6    0000000a                   : uart.obj (.text:UARTCharGet)
                  000015d0    0000000a                   : uart.obj (.text:UARTCharPut)
                  000015da    00000008                   : i2c.obj (.text:I2CMasterBusy)
                  000015e2    00000008                   : i2c.obj (.text:I2CMasterSlaveAddrSet)
                  000015ea    00000006                   : sysctl.obj (.text:SysCtlDelay)
                  000015f0    00000006                   : uart.obj (.text:UARTClockSourceSet)
                  000015f6    00000004                   : i2c.obj (.text:I2CMasterControl)
                  000015fa    00000004                   : i2c.obj (.text:I2CMasterDataGet)
                  000015fe    00000004                   : i2c.obj (.text:I2CMasterDataPut)
                  00001602    00000004     rtsv7M4_T_le_v4SPD16_eabi.lib : pre_init.obj (.text)

.const     0    00001608    00000345     
                  00001608    000001b0     driverlib.lib : sysctl.obj (.const:g_pppui32XTALtoVCO)
                  000017b8    00000090                   : gpio.obj (.const:g_pui32GPIOBaseAddrs)
                  00001848    0000006c                   : sysctl.obj (.const:g_pui32Xtals)
                  000018b4    00000030     main.obj (.const:.string:$P$T0$2)
                  000018e4    00000030     driverlib.lib : sysctl.obj (.const:g_sXTALtoMEMTIM)
                  00001914    00000012     main.obj (.const:.string)
                  00001926    00000002     --HOLE-- [fill = 0]
                  00001928    0000000c     main.obj (.const:g_ui32UARTBase)
                  00001934    0000000c     main.obj (.const:g_ui32UARTPeriph)
                  00001940    00000008     driverlib.lib : sysctl.obj (.const)
                  00001948    00000005     main.obj (.const)

.cinit     0    00001950    00000038     
                  00001950    00000011     (.cinit..data.load) [load image, compression = lzss]
                  00001961    00000003     --HOLE-- [fill = 0]
                  00001964    0000000c     (__TI_handler_table)
                  00001970    00000008     (.cinit..bss.load) [load image, compression = zero_init]
                  00001978    00000010     (__TI_cinit_table)

.init_array 
*          0    00000000    00000000     UNINITIALIZED

.stack     0    20000000    00000200     UNINITIALIZED
                  20000000    00000200     --HOLE--

.data      0    20000200    00000020     UNINITIALIZED
                  20000200    0000000c     rtsv7M4_T_le_v4SPD16_eabi.lib : exit.obj (.data:$O1$$)
                  2000020c    00000008                                   : _lock.obj (.data:$O1$$)
                  20000214    00000005     main.obj (.data)
                  20000219    00000003     --HOLE--
                  2000021c    00000004     rtsv7M4_T_le_v4SPD16_eabi.lib : stkdepth_vars.obj (.data)

.bss       0    20000220    00000004     UNINITIALIZED
                  20000220    00000004     (.common:ui32SysClock)

MODULE SUMMARY

       Module                         code   ro data   rw data
       ------                         ----   -------   -------
    .\
       main.obj                       2404   95        9      
       tm4c123gh6pm_startup_ccs.obj   12     620       0      
    +--+------------------------------+------+---------+---------+
       Total:                         2416   715       9      
                                                              
    C:/ti/ccsv6/TivaWare_C_Series-2.1.3.156/driverlib/ccs/Debug/driverlib.lib
       sysctl.obj                     982    596       0      
       gpio.obj                       474    144       0      
       uart.obj                       148    0         0      
       i2c.obj                        114    0         0      
    +--+------------------------------+------+---------+---------+
       Total:                         1718   740       0      
                                                              
    C:\ti\ccsv6\tools\compiler\ti-cgt-arm_16.9.0.LTS\lib\rtsv7M4_T_le_v4SPD16_eabi.lib
       memcpy_t2.obj                  156    0         0      
       memset_t2.obj                  122    0         0      
       autoinit.obj                   112    0         0      
       copy_decompress_lzss.obj       104    0         0      
       exit.obj                       84     0         12     
       boot.obj                       84     0         0      
       cpy_tbl.obj                    76     0         0      
       u_divt2.obj                    64     0         0      
       _lock.obj                      20     0         8      
       args_main.obj                  24     0         0      
       copy_decompress_none.obj       14     0         0      
       copy_zero_init.obj             12     0         0      
       pre_init.obj                   4      0         0      
       stkdepth_vars.obj              0      0         4      
       i_div0.obj                     2      0         0      
       mpu_init.obj                   2      0         0      
       startup.obj                    2      0         0      
    +--+------------------------------+------+---------+---------+
       Total:                         882    0         24     
                                                              
       Stack:                         0      0         512    
       Linker Generated:              0      53        0      
    +--+------------------------------+------+---------+---------+
       Grand Total:                   5016   1508      545    


LINKER GENERATED COPY TABLES

__TI_cinit_table @ 00001978 records: 2, size/record: 8, table size: 16
	.data: load addr=00001950, load size=00000011 bytes, run addr=20000200, run size=00000020 bytes, compression=lzss
	.bss: load addr=00001970, load size=00000008 bytes, run addr=20000220, run size=00000004 bytes, compression=zero_init


LINKER GENERATED HANDLER TABLE

__TI_handler_table @ 00001964 records: 3, size/record: 4, table size: 12
	index: 0, handler: __TI_decompress_lzss
	index: 1, handler: __TI_decompress_none
	index: 2, handler: __TI_zero_init


GLOBAL SYMBOLS: SORTED ALPHABETICALLY BY Name 

address   name                           
-------   ----                           
00001245  C$$EXIT                        
0000194c  DebuggingMode                  
000014b5  GPIODirModeSet                 
00000dbd  GPIOPadConfigSet               
00001331  GPIOPinConfigure               
00001561  GPIOPinTypeI2C                 
00001573  GPIOPinTypeI2CSCL              
00001585  GPIOPinTypeUART                
000015db  I2CMasterBusy                  
000015f7  I2CMasterControl               
000015fb  I2CMasterDataGet               
000015ff  I2CMasterDataPut               
000015bd  I2CMasterEnable                
00001299  I2CMasterInitExpClk            
000015e3  I2CMasterSlaveAddrSet          
000006f7  InitConsole                    
000015b1  ResetISR                       
UNDEFED   SHT$$INIT_ARRAY$$Base          
UNDEFED   SHT$$INIT_ARRAY$$Limit         
00000bd1  SysCtlClockFreqSet             
00000ef1  SysCtlClockGet                 
000015eb  SysCtlDelay                    
00001481  SysCtlPeripheralEnable         
00001449  SysCtlPeripheralPresent        
00000863  TSL2591_disable                
00000843  TSL2591_init                   
000015c7  UARTCharGet                    
000015d1  UARTCharPut                    
000015f1  UARTClockSourceSet             
000013c1  UARTConfigSetExpClk            
000014e1  UARTDisable                    
00001539  UARTEnable                     
0000026d  UARTStdioConfig                
000003b3  UARTgetc                       
000002f9  UARTgets                       
000006d3  UARTprintf                     
000003d9  UARTvprintf                    
000002b3  UARTwrite                      
20000200  __STACK_END                    
00000200  __STACK_SIZE                   
20000200  __STACK_TOP                    
00001978  __TI_CINIT_Base                
00001988  __TI_CINIT_Limit               
00001964  __TI_Handler_Table_Base        
00001970  __TI_Handler_Table_Limit       
00001119  __TI_auto_init                 
20000200  __TI_cleanup_ptr               
00001189  __TI_decompress_lzss           
00001597  __TI_decompress_none           
20000204  __TI_dtors_ptr                 
20000208  __TI_enable_exit_profile_output
ffffffff  __TI_pprof_out_hndl            
ffffffff  __TI_prof_data_size            
ffffffff  __TI_prof_data_start           
00000000  __TI_static_base__             
000015a5  __TI_zero_init                 
00000eef  __aeabi_idiv0                  
0000109d  __aeabi_memclr                 
0000109d  __aeabi_memclr4                
0000109d  __aeabi_memclr8                
00001001  __aeabi_memcpy                 
00001001  __aeabi_memcpy4                
00001001  __aeabi_memcpy8                
0000109f  __aeabi_memset                 
0000109f  __aeabi_memset4                
0000109f  __aeabi_memset8                
00001407  __aeabi_uidiv                  
00001407  __aeabi_uidivmod               
ffffffff  __binit__                      
ffffffff  __c_args__                     
00001117  __mpu_init                     
20000000  __stack                        
00001521  _args_main                     
000011f1  _c_int00                       
2000020c  _lock                          
0000155b  _nop                           
00001553  _register_lock                 
0000154d  _register_unlock               
00001447  _system_post_cinit             
00001603  _system_pre_init               
20000210  _unlock                        
00001249  abort                          
ffffffff  binit                          
000012e5  copy_in                        
00001251  exit                           
000009b5  ftoa                           
00000000  g_pfnVectors                   
00000875  getLuminosity                  
00000731  i2c0_init                      
00000775  i2c0_read                      
000007e3  i2c0_write                     
00000ab1  main                           
2000021c  main_func_sp                   
00001001  memcpy                         
000010a5  memset                         
20000220  ui32SysClock                   


GLOBAL SYMBOLS: SORTED BY Symbol Address 

address   name                           
-------   ----                           
00000000  __TI_static_base__             
00000000  g_pfnVectors                   
00000200  __STACK_SIZE                   
0000026d  UARTStdioConfig                
000002b3  UARTwrite                      
000002f9  UARTgets                       
000003b3  UARTgetc                       
000003d9  UARTvprintf                    
000006d3  UARTprintf                     
000006f7  InitConsole                    
00000731  i2c0_init                      
00000775  i2c0_read                      
000007e3  i2c0_write                     
00000843  TSL2591_init                   
00000863  TSL2591_disable                
00000875  getLuminosity                  
000009b5  ftoa                           
00000ab1  main                           
00000bd1  SysCtlClockFreqSet             
00000dbd  GPIOPadConfigSet               
00000eef  __aeabi_idiv0                  
00000ef1  SysCtlClockGet                 
00001001  __aeabi_memcpy                 
00001001  __aeabi_memcpy4                
00001001  __aeabi_memcpy8                
00001001  memcpy                         
0000109d  __aeabi_memclr                 
0000109d  __aeabi_memclr4                
0000109d  __aeabi_memclr8                
0000109f  __aeabi_memset                 
0000109f  __aeabi_memset4                
0000109f  __aeabi_memset8                
000010a5  memset                         
00001117  __mpu_init                     
00001119  __TI_auto_init                 
00001189  __TI_decompress_lzss           
000011f1  _c_int00                       
00001245  C$$EXIT                        
00001249  abort                          
00001251  exit                           
00001299  I2CMasterInitExpClk            
000012e5  copy_in                        
00001331  GPIOPinConfigure               
000013c1  UARTConfigSetExpClk            
00001407  __aeabi_uidiv                  
00001407  __aeabi_uidivmod               
00001447  _system_post_cinit             
00001449  SysCtlPeripheralPresent        
00001481  SysCtlPeripheralEnable         
000014b5  GPIODirModeSet                 
000014e1  UARTDisable                    
00001521  _args_main                     
00001539  UARTEnable                     
0000154d  _register_unlock               
00001553  _register_lock                 
0000155b  _nop                           
00001561  GPIOPinTypeI2C                 
00001573  GPIOPinTypeI2CSCL              
00001585  GPIOPinTypeUART                
00001597  __TI_decompress_none           
000015a5  __TI_zero_init                 
000015b1  ResetISR                       
000015bd  I2CMasterEnable                
000015c7  UARTCharGet                    
000015d1  UARTCharPut                    
000015db  I2CMasterBusy                  
000015e3  I2CMasterSlaveAddrSet          
000015eb  SysCtlDelay                    
000015f1  UARTClockSourceSet             
000015f7  I2CMasterControl               
000015fb  I2CMasterDataGet               
000015ff  I2CMasterDataPut               
00001603  _system_pre_init               
0000194c  DebuggingMode                  
00001964  __TI_Handler_Table_Base        
00001970  __TI_Handler_Table_Limit       
00001978  __TI_CINIT_Base                
00001988  __TI_CINIT_Limit               
20000000  __stack                        
20000200  __STACK_END                    
20000200  __STACK_TOP                    
20000200  __TI_cleanup_ptr               
20000204  __TI_dtors_ptr                 
20000208  __TI_enable_exit_profile_output
2000020c  _lock                          
20000210  _unlock                        
2000021c  main_func_sp                   
20000220  ui32SysClock                   
ffffffff  __TI_pprof_out_hndl            
ffffffff  __TI_prof_data_size            
ffffffff  __TI_prof_data_start           
ffffffff  __binit__                      
ffffffff  __c_args__                     
ffffffff  binit                          
UNDEFED   SHT$$INIT_ARRAY$$Base          
UNDEFED   SHT$$INIT_ARRAY$$Limit         

[96 symbols]
